-- Automatically generated by SQLQueryTestSuite
-- Number of queries: 16


-- !query 0
create temporary view int4_tbl as select * from values
  (0),
  (123456),
  (-123456),
  (2147483647),
  (-2147483647)
  as int4_tbl(f1)
-- !query 0 schema
struct<>
-- !query 0 output



-- !query 1
SELECT
  -- boolean and transitions
  -- null because strict
  (NULL AND NULL) IS NULL AS `t`,
  (TRUE AND NULL) IS NULL AS `t`,
  (FALSE AND NULL) IS NULL AS `t`,
  (NULL AND TRUE) IS NULL AS `t`,
  (NULL AND FALSE) IS NULL AS `t`,
  -- and actual computations
  (TRUE AND TRUE) AS `t`,
  NOT (TRUE AND FALSE) AS `t`,
  NOT (FALSE AND TRUE) AS `t`,
  NOT (FALSE AND FALSE) AS `t`
-- !query 1 schema
struct<t:boolean,t:boolean,t:boolean,t:boolean,t:boolean,t:boolean,t:boolean,t:boolean,t:boolean>
-- !query 1 output
true	true	false	true	false	true	true	true	true


-- !query 2
SELECT
  -- boolean or transitions
  -- null because strict
  (NULL OR NULL) IS NULL AS `t`,
  (TRUE OR NULL) IS NULL AS `t`,
  (FALSE OR NULL) IS NULL AS `t`,
  (NULL OR TRUE) IS NULL AS `t`,
  (NULL OR FALSE) IS NULL AS `t`,
  -- actual computations
  (TRUE OR TRUE) AS `t`,
  (TRUE OR FALSE) AS `t`,
  (FALSE OR TRUE) AS `t`,
  NOT (FALSE OR FALSE) AS `t`
-- !query 2 schema
struct<t:boolean,t:boolean,t:boolean,t:boolean,t:boolean,t:boolean,t:boolean,t:boolean,t:boolean>
-- !query 2 output
true	false	true	false	true	true	true	true	true


-- !query 3
select min(unique1) from tenk1
-- !query 3 schema
struct<min(unique1):int>
-- !query 3 output
0


-- !query 4
select max(unique1) from tenk1
-- !query 4 schema
struct<max(unique1):int>
-- !query 4 output
9999


-- !query 5
select max(unique1) from tenk1 where unique1 < 42
-- !query 5 schema
struct<max(unique1):int>
-- !query 5 output
41


-- !query 6
select max(unique1) from tenk1 where unique1 > 42
-- !query 6 schema
struct<max(unique1):int>
-- !query 6 output
9999


-- !query 7
select max(unique1) from tenk1 where unique1 > 42000
-- !query 7 schema
struct<max(unique1):int>
-- !query 7 output
NULL


-- !query 8
select max(tenthous) from tenk1 where thousand = 33
-- !query 8 schema
struct<max(tenthous):int>
-- !query 8 output
9033


-- !query 9
select min(tenthous) from tenk1 where thousand = 33
-- !query 9 schema
struct<min(tenthous):int>
-- !query 9 output
33


-- !query 10
select distinct max(unique2) from tenk1
-- !query 10 schema
struct<max(unique2):int>
-- !query 10 output
9999


-- !query 11
select max(unique2) from tenk1 order by 1
-- !query 11 schema
struct<max(unique2):int>
-- !query 11 output
9999


-- !query 12
select max(unique2) from tenk1 order by max(unique2)
-- !query 12 schema
struct<max(unique2):int>
-- !query 12 output
9999


-- !query 13
select max(unique2) from tenk1 order by max(unique2)+1
-- !query 13 schema
struct<max(unique2):int>
-- !query 13 output
9999


-- !query 14
select t1.max_unique2, g from (select max(unique2) as max_unique2 FROM tenk1) t1 LATERAL VIEW explode(array(1,2,3)) t2 AS g order by g desc
-- !query 14 schema
struct<max_unique2:int,g:int>
-- !query 14 output
9999	3
9999	2
9999	1


-- !query 15
select max(100) from tenk1
-- !query 15 schema
struct<max(100):int>
-- !query 15 output
100
